<?xml version="1.0" encoding="utf-8" standalone="yes"?>
<rss version="2.0" xmlns:atom="http://www.w3.org/2005/Atom">
  <channel>
    <title>golden on Adrian Hugo | E-commerce template</title>
    <link>https://examplesite.com/colors/golden/</link>
    <description>Recent content in golden on Adrian Hugo | E-commerce template</description>
    <generator>Hugo -- gohugo.io</generator>
    <language>en-us</language>
    <lastBuildDate>Mon, 25 Nov 2019 13:39:07 +0600</lastBuildDate>
    
	<atom:link href="https://examplesite.com/colors/golden/index.xml" rel="self" type="application/rss+xml" />
    
    
    <item>
      <title>Lady Shoe</title>
      <link>https://examplesite.com/shop/lady-lofer/</link>
      <pubDate>Mon, 25 Nov 2019 13:39:07 +0600</pubDate>
      
      <guid>https://examplesite.com/shop/lady-lofer/</guid>
      <description>Pellentesque habitant morbi tristique senectus et netus et malesuada fames ac turpis egestas. Vestibulum tortor quam, feugiat vitae, ultricies eget, tempor sit amet, ante.</description>
    </item>
    
  </channel>
</rss>